// Jest Snapshot v1, https://goo.gl/fbAQLP

exports[`OrderBook (API) get order history by market id 1`] = `
Object {
  "BUY": Array [
    Object {
      "amount": "0.0036",
      "myAmount": "0.00",
      "price": "4.00",
    },
    Object {
      "amount": "0.002",
      "myAmount": "0.00",
      "price": "1.00",
    },
  ],
  "SELL": Array [
    Object {
      "amount": "0.00092",
      "myAmount": "0.00",
      "price": "7.00",
    },
    Object {
      "amount": "0.00066",
      "myAmount": "0.00",
      "price": "6.50",
    },
    Object {
      "amount": "0.00118",
      "myAmount": "0.00",
      "price": "6.00",
    },
    Object {
      "amount": "0.00046",
      "myAmount": "0.00",
      "price": "5.00",
    },
    Object {
      "amount": "0.00058",
      "myAmount": "0.00",
      "price": "3.00",
    },
    Object {
      "amount": "0.00035",
      "myAmount": "0.00",
      "price": "2.00",
    },
    Object {
      "amount": "0.001",
      "myAmount": "0.00",
      "price": "0.50",
    },
  ],
  "marketId": "11",
}
`;

exports[`OrderBook (API) get order history for all markets 1`] = `
Array [
  Object {
    "amount": "0.00",
    "changeRate": "0.00",
    "lastPrice": "0.00",
    "marketId": 7,
    "tokens": "KCS-WETH",
  },
  Object {
    "amount": "0.00",
    "changeRate": "0.00",
    "lastPrice": "0.00",
    "marketId": 4,
    "tokens": "ZRX-WETH",
  },
  Object {
    "amount": "0.00",
    "changeRate": "0.00",
    "lastPrice": "0.00",
    "marketId": 1,
    "tokens": "BNB-WETH",
  },
  Object {
    "amount": "0.00",
    "changeRate": "0.00",
    "lastPrice": "0.00",
    "marketId": 3,
    "tokens": "OMG-WETH",
  },
  Object {
    "amount": "0.00",
    "changeRate": "0.00",
    "lastPrice": "0.00",
    "marketId": 9,
    "tokens": "HOT-WETH",
  },
  Object {
    "amount": "0.00",
    "changeRate": "0.00",
    "lastPrice": "0.00",
    "marketId": 10,
    "tokens": "ENJ-WETH",
  },
  Object {
    "amount": "0.00",
    "changeRate": "0.00",
    "lastPrice": "0.00",
    "marketId": 2,
    "tokens": "MKR-WETH",
  },
  Object {
    "amount": "0.00",
    "changeRate": "0.00",
    "lastPrice": "0.00",
    "marketId": 5,
    "tokens": "BAT-WETH",
  },
  Object {
    "amount": "0.00",
    "changeRate": "0.00",
    "lastPrice": "0.00",
    "marketId": 8,
    "tokens": "LINK-WETH",
  },
  Object {
    "amount": "0.00",
    "changeRate": "0.00",
    "lastPrice": "0.00",
    "marketId": 6,
    "tokens": "WTC-WETH",
  },
  Object {
    "amount": "0.0026",
    "changeRate": "1.71",
    "lastPrice": "0.356000000",
    "marketId": 11,
    "tokens": "EMPR-WETH",
  },
]
`;
