// Jest Snapshot v1, https://goo.gl/fbAQLP

exports[`Favorites (API) get user favorites markets 1`] = `
Array [
  Object {
    "id": 11,
  },
  Object {
    "id": 9,
  },
]
`;
